
> SpazaShop Page@0.1.0 build
> vite build

[36mvite v6.4.1 [32mbuilding for production...[36m[39m
[32mΓ£ô[39m 0 modules transformed.
node.exe : [31mΓ£ù[39m 
Build failed in 22ms
At line:1 char:1
+ & "C:\Program 
Files\nodejs/node.exe" 
"C:\Program 
Files\nodejs/node_mo ...
+ ~~~~~~~~~~~~~~~~~~~~~~~~
~~~~~~~~~~~~~~~~~~~~~~~~~~
~~~~~~~~~~~~~~~~~~~
    + CategoryInfo        
      : NotSpecified: (  
  [31mΓ£ù[39m Build fa   
 iled in 22ms:String)     
[], RemoteException
    + FullyQualifiedError 
   Id : NativeCommandErr  
  or
 
[31merror during build:
[31m[vite:build-html] 
parsing C:/Users/Kgodiso J
ohannes/Downloads/HUAWEI-P
ROJECT-master/tsconfig.nod
e.json failed: Error: 
ENOENT: no such file or 
directory, open 
'C:\Users\Kgodiso Johannes
\Downloads\HUAWEI-PROJECT-
master\tsconfig.node.json'
[31m
file: 
[36mC:/Users/Kgodiso Joha
nnes/Downloads/HUAWEI-PROJ
ECT-master/index.html[31m
    at file:///C:/Users/Kg
odiso%20Johannes/Downloads
/HUAWEI-PROJECT-master/nod
e_modules/vite/dist/node/c
hunks/dep-D4NMHUTW.js:8591
:10[39m
